###############################################################################
#
# IAR ELF Linker V9.10.1.308/W64 for ARM                  21/Feb/2024  17:48:06
# Copyright 2007-2021 IAR Systems AB.
#
#    Output file  =  D:\gam3a\Senior 1\Spring 24\RTOS\lab 1\Debug\Exe\lab1.out
#    Map file     =  D:\gam3a\Senior 1\Spring 24\RTOS\lab 1\Debug\List\lab1.map
#    Command line =
#        -f "D:\gam3a\Senior 1\Spring 24\RTOS\lab 1\Debug\Exe\lab1.out.rsp"
#        ("D:\gam3a\Senior 1\Spring 24\RTOS\lab 1\Debug\Obj\DIO.o"
#        "D:\gam3a\Senior 1\Spring 24\RTOS\lab 1\Debug\Obj\main.o"
#        "D:\gam3a\Senior 1\Spring 24\RTOS\lab 1\Debug\Obj\startup_ewarm.o"
#        --no_out_extension -o "D:\gam3a\Senior 1\Spring 24\RTOS\lab
#        1\Debug\Exe\lab1.out" --redirect _Printf=_PrintfFullNoMb --redirect
#        _Scanf=_ScanfFullNoMb --map "D:\gam3a\Senior 1\Spring 24\RTOS\lab
#        1\Debug\List\lab1.map" --config
#        C:\tools\arm\config\linker\TexasInstruments\TM4C123GH6.icf
#        --semihosting
#        C:\ti\TivaWare_C_Series-2.2.0.295\driverlib\ewarm\Exe\driverlib.a
#        --entry __iar_program_start --vfe --text_out locale)
#
###############################################################################

*******************************************************************************
*** MESSAGES
***

Warning[Lt009]: Inconsistent wchar_t size
            systick.o(driverlib.a) and 2 other objects in driverlib.a have
                      wchar_t size 16 bits
            DIO.o and 15 other objects, some of them in dl7M_tln.a and 11 other
                      libraries have wchar_t size 32 bits


*******************************************************************************
*** RUNTIME MODEL ATTRIBUTES
***

CppFlavor       = *
__SystemLibrary = DLib
__dlib_version  = 6


*******************************************************************************
*** HEAP SELECTION
***

The basic heap was selected because no calls to memory allocation
functions were found in the application outside of system library
functions, and there are calls to deallocation functions in the
application.


*******************************************************************************
*** PLACEMENT SUMMARY
***

"A0":  place at address 0x0 { ro section .intvec };
"P1":  place in [from 0x0 to 0x3'ffff] { ro };
define block CSTACK with size = 4K, alignment = 8 { };
define block HEAP with size = 8K, alignment = 8 { };
"P2":  place in [from 0x2000'0000 to 0x2000'7fff] {
          rw, block CSTACK, block HEAP };
do not initialize { rw section .noinit };

  Section          Kind         Address   Size  Object
  -------          ----         -------   ----  ------
"A0":                                    0x26c
  .intvec          const            0x0  0x26c  startup_ewarm.o [1]
                                - 0x26c  0x26c

"P1":                                    0x3f0
  .text            ro code        0x26c  0x228  DIO.o [1]
  .text            ro code        0x494   0x7c  main.o [1]
  .text            ro code        0x510   0x34  systick.o [3]
  .text            ro code        0x544   0x38  zero_init3.o [5]
  .text            ro code        0x57c   0x28  data_init.o [5]
  .text            ro code        0x5a4   0x22  fpinit_M.o [4]
  .iar.init_table  const          0x5c8   0x10  - Linker created -
  .text            ro code        0x5d8   0x1e  startup_ewarm.o [1]
  .text            ro code        0x5f8   0x1c  cstartup_M.o [5]
  .text            ro code        0x614   0x1e  cmain.o [5]
  .text            ro code        0x632    0x4  low_level_init.o [2]
  .text            ro code        0x636    0x4  exit.o [2]
  .text            ro code        0x63c    0xa  cexit.o [5]
  .text            ro code        0x648   0x14  exit.o [6]
  .rodata          const          0x65c    0x0  zero_init3.o [5]
                                - 0x65c  0x3f0

"P2", part 1 of 2:                         0x4
  .bss             zero     0x2000'0000    0x4  main.o [1]
                          - 0x2000'0004    0x4

"P2", part 2 of 2:                       0x200
  .noinit          uninit   0x2000'0004  0x200  startup_ewarm.o [1]
                          - 0x2000'0204  0x200

Unused ranges:

         From           To      Size
         ----           --      ----
        0x65c     0x3'ffff  0x3'f9a4
  0x2000'0204  0x2000'7fff    0x7dfc


*******************************************************************************
*** INIT TABLE
***

          Address      Size
          -------      ----
Zero (__iar_zero_init3)
    1 destination range, total size 0x4:
          0x2000'0000   0x4



*******************************************************************************
*** MODULE SUMMARY
***

    Module            ro code  ro data  rw data
    ------            -------  -------  -------
command line/config:
    -------------------------------------------
    Total:

D:\gam3a\Senior 1\Spring 24\RTOS\lab 1\Debug\Obj: [1]
    DIO.o                 552
    main.o                124                 4
    startup_ewarm.o        30      620      512
    -------------------------------------------
    Total:                706      620      516

dl7M_tln.a: [2]
    exit.o                  4
    low_level_init.o        4
    -------------------------------------------
    Total:                  8

driverlib.a: [3]
    systick.o              52
    -------------------------------------------
    Total:                 52

m7M_tls.a: [4]
    fpinit_M.o             34
    -------------------------------------------
    Total:                 34

rt7M_tl.a: [5]
    cexit.o                10
    cmain.o                30
    cstartup_M.o           28
    data_init.o            40
    zero_init3.o           56
    -------------------------------------------
    Total:                164

shb_l.a: [6]
    exit.o                 20
    -------------------------------------------
    Total:                 20

    Gaps                    6        2
    Linker created                  16
-----------------------------------------------
    Grand Total:          990      638      516


*******************************************************************************
*** ENTRY LIST
***

Entry                       Address   Size  Type      Object
-----                       -------   ----  ----      ------
.iar.init_table$$Base         0x5c8          --   Gb  - Linker created -
.iar.init_table$$Limit        0x5d8          --   Gb  - Linker created -
?main                         0x615         Code  Gb  cmain.o [5]
DIO_Init                      0x26d  0x1a4  Code  Gb  DIO.o [1]
FaultISR                      0x5f3    0x2  Code  Lc  startup_ewarm.o [1]
IntDefaultHandler             0x5f5    0x2  Code  Lc  startup_ewarm.o [1]
NmiSR                         0x5f1    0x2  Code  Lc  startup_ewarm.o [1]
Region$$Table$$Base           0x5c8          --   Gb  - Linker created -
Region$$Table$$Limit          0x5d8          --   Gb  - Linker created -
ResetISR                      0x5d9   0x14  Code  Gb  startup_ewarm.o [1]
SysTickDisable                0x51d    0xc  Code  Gb  systick.o [3]
SysTickEnable                 0x511    0xc  Code  Gb  systick.o [3]
SysTickIntEnable              0x529    0xc  Code  Gb  systick.o [3]
SysTickPeriodSet              0x535    0x8  Code  Gb  systick.o [3]
SystickHandler                0x4b1    0xc  Code  Gb  main.o [1]
__cmain                       0x615         Code  Gb  cmain.o [5]
__exit                        0x649   0x14  Code  Gb  exit.o [6]
__iar_data_init3              0x57d   0x28  Code  Gb  data_init.o [5]
__iar_init_vfp                0x5a5         Code  Gb  fpinit_M.o [4]
__iar_program_start           0x5f9         Code  Gb  cstartup_M.o [5]
__iar_zero_init3              0x545   0x38  Code  Gb  zero_init3.o [5]
__low_level_init              0x633    0x4  Code  Gb  low_level_init.o [2]
__vector_table                  0x0  0x26c  Data  Gb  startup_ewarm.o [1]
_call_main                    0x621         Code  Gb  cmain.o [5]
_exit                         0x63d         Code  Gb  cexit.o [5]
blinky1                       0x495    0xe  Code  Gb  main.o [1]
blinky2                       0x4a3    0xe  Code  Gb  main.o [1]
counter                 0x2000'0000    0x4  Data  Gb  main.o [1]
exit                          0x637    0x4  Code  Gb  exit.o [2]
main                          0x4bd   0x3e  Code  Gb  main.o [1]
pui32Stack              0x2000'0004  0x200  Data  Lc  startup_ewarm.o [1]


[1] = D:\gam3a\Senior 1\Spring 24\RTOS\lab 1\Debug\Obj
[2] = dl7M_tln.a
[3] = driverlib.a
[4] = m7M_tls.a
[5] = rt7M_tl.a
[6] = shb_l.a

  990 bytes of readonly  code memory
  638 bytes of readonly  data memory
  516 bytes of readwrite data memory

Errors: none
Warnings: 1
